2026-01-02 14:08:40 [ca_portfolio] POST: Array
(
    [token] => 191ed704feb9548c5fbafa97d3ad495f
    [uid] => 2026010214081736
    [w] => 
    [bo_table] => ca_portfolio
    [wr_id] => 0
    [sca] => 
    [sfl] => 
    [stx] => 
    [spt] => 
    [sst] => 
    [sod] => 
    [page] => 
    [html] => html1
    [ca_name] => 미용·뷰티
    [wr_subject] => 다시작성해봤어 제발 나와라
    [wr_content] => <p>제발 나와라 제발</p>
    [wr_1] => 
    [wr_2] => 
    [wr_11] => after
    [wr_10] => fixed
)

2026-01-02 14:10:15 [ca_portfolio] POST_TOP: Array
(
    [token] => add577fba49714b8cb37fe55d4d472d6
    [uid] => 2026010214100151
    [w] => 
    [bo_table] => ca_portfolio
    [wr_id] => 0
    [sca] => 
    [sfl] => 
    [stx] => 
    [spt] => 
    [sst] => 
    [sod] => 
    [page] => 
    [html] => html1
    [ca_name] => 호프·주점
    [wr_subject] => 다시작성해볼게요
    [wr_content] => <p>1234</p>
    [wr_1] => 
    [wr_2] => 
    [wr_11] => after
    [wr_10] => fixed
)

