2026-01-05 23:14:43 - write_update.skin.php called
Member ID: ganpandaehak
POST: Array
(
    [token] => 041a32940d34e3fab0a93b17bd58efee
    [uid] => 2026010523143551
    [w] => 
    [bo_table] => consult
    [wr_id] => 0
    [sca] => 
    [sfl] => 
    [stx] => 
    [spt] => 
    [sst] => 
    [sod] => 
    [page] => 
    [wr_homepage] =>  
    [wr_password] => 1234
    [wr_subject] => 2026-01-05 23:14:43 퀵상담 신청
    [html] => html1
    [wr_name] => 111111
    [wr_phone] => 1111111
    [wr_6] => 
    [wr_7] => 
    [wr_1] => 
    [wr_3] => 
    [wr_4] => 
    [wr_2] => 
    [wr_5] => 123
    [wr_content] => [상담 신청 정보]
신청일시: 2026-01-05 23:14:43

이름/업체명: 111111
연락처: 1111111
이메일: 미입력
설치주소: 미입력

간판 종류: 미입력
디자인 파일: 미입력
예상 예산: 미입력
오픈 예정일: 미입력

문의내용:
123
    [secret] => 
    [mail] => 
)

2026-01-05 23:40:40 - write_update.skin.php loaded
w: , is_member: true
Inside If Block
Member ID: ganpandaehak
2026-01-05 23:47:11 - write_update.skin.php loaded
w: , is_member: true
Inside If Block
Member ID: ganpandaehak
2026-01-05 23:49:59 - write_update.skin.php loaded
w: , is_member: true
Inside If Block
Member ID: ganpandaehak
2026-01-05 23:52:36 - write_update.skin.php loaded
w: , is_member: true
Inside If Block
Member ID: ganpandaehak
2026-01-05 23:56:22 - write_update.skin.php loaded
w: , is_member: true
Inside If Block
Member ID: ganpandaehak
2026-01-05 23:56:52 - write_update.skin.php loaded
w: , is_member: true
Inside If Block
Member ID: ganpandaehak
2026-01-05 23:58:46 - write_update.skin.php loaded
w: , is_member: true
Inside If Block
Member ID: ganpandaehak
2026-01-06 00:00:08 - write_update.skin.php loaded
w: , is_member: true
Inside If Block
Member ID: ganpandaehak
2026-01-06 00:02:27 - write_update.skin.php loaded
w: , is_member: true
Inside If Block
Member ID: ganpandaehak
2026-01-06 00:02:42 - write_update.skin.php loaded
w: , is_member: true
Inside If Block
Member ID: ganpandaehak
2026-01-06 00:04:39 - write_update.skin.php loaded
w: , is_member: true
Inside If Block
Member ID: ganpandaehak
2026-01-06 00:04:53 - write_update.skin.php loaded
w: , is_member: true
Inside If Block
Member ID: ganpandaehak
2026-01-06 00:07:39 - write_update.skin.php loaded
w: , is_member: true
Inside If Block
Member ID: ganpandaehak
2026-01-06 00:15:35 - write_update.skin.php loaded
w: , is_member: true
Inside If Block
Member ID: ganpandaehak
2026-01-06 00:25:59 - write_update.skin.php loaded
w: , is_member: true
Inside If Block
Member ID: ganpandaehak
2026-01-06 00:26:24 - write_update.skin.php loaded
w: , is_member: true
Inside If Block
Member ID: ganpandaehak
2026-01-13 20:51:27 - write_update.skin.php loaded
w: , is_member: true
Inside If Block
Member ID: ganpandaehak
2026-01-13 20:55:06 - write_update.skin.php loaded
w: , is_member: true
Inside If Block
Member ID: k67e7f48af9f86c33b9
2026-01-13 21:04:20 - write_update.skin.php loaded
w: , is_member: false
2026-01-13 21:12:50 - write_update.skin.php loaded
w: , is_member: false
