2026-01-05 23:47:11 - write_update.php
board_skin_path: /sign83199/www/theme/basic/skin/board/basic_consult
Target: /sign83199/www/theme/basic/skin/board/basic_consult/write_update.skin.php
Exists: YES
2026-01-05 23:49:59 - write_update.php
board_skin_path: /sign83199/www/theme/basic/skin/board/basic_consult
Target: /sign83199/www/theme/basic/skin/board/basic_consult/write_update.skin.php
Exists: YES
2026-01-05 23:52:36 - write_update.php
board_skin_path: /sign83199/www/theme/basic/skin/board/basic_consult
Target: /sign83199/www/theme/basic/skin/board/basic_consult/write_update.skin.php
Exists: YES
2026-01-05 23:56:22 - write_update.php
board_skin_path: /sign83199/www/theme/basic/skin/board/basic_consult
Target: /sign83199/www/theme/basic/skin/board/basic_consult/write_update.skin.php
Exists: YES
2026-01-05 23:56:52 - write_update.php
board_skin_path: /sign83199/www/theme/basic/skin/board/basic_consult
Target: /sign83199/www/theme/basic/skin/board/basic_consult/write_update.skin.php
Exists: YES
2026-01-05 23:58:46 - write_update.php
board_skin_path: /sign83199/www/theme/basic/skin/board/basic_consult
2026-01-06 00:00:08 - write_update.php
board_skin_path: /sign83199/www/theme/basic/skin/board/basic_consult
2026-01-06 00:02:27 - write_update.php
board_skin_path: /sign83199/www/theme/basic/skin/board/basic_consult
2026-01-06 00:02:42 - write_update.php
board_skin_path: /sign83199/www/theme/basic/skin/board/basic_consult
2026-01-06 00:04:39 - write_update.php
board_skin_path: /sign83199/www/theme/basic/skin/board/basic_consult
2026-01-06 00:04:53 - write_update.php
board_skin_path: /sign83199/www/theme/basic/skin/board/basic_consult
2026-01-06 00:07:39 - write_update.php
board_skin_path: /sign83199/www/theme/basic/skin/board/basic_consult
2026-01-06 00:15:35 - write_update.php
board_skin_path: /sign83199/www/theme/basic/skin/board/basic_consult
2026-01-06 00:25:59 - write_update.php
board_skin_path: /sign83199/www/theme/basic/skin/board/basic_consult
2026-01-06 00:26:24 - write_update.php
board_skin_path: /sign83199/www/theme/basic/skin/board/basic_consult
2026-01-06 19:35:27 - write_update.php
board_skin_path: /sign83199/www/theme/basic/skin/board/basic_consult
2026-01-06 19:35:48 - write_update.php
board_skin_path: /sign83199/www/theme/basic/skin/board/basic_consult
2026-01-07 13:11:40 - write_update.php
board_skin_path: /sign83199/www/theme/basic/skin/board/review_premium
2026-01-07 13:15:43 - write_update.php
board_skin_path: /sign83199/www/theme/basic/skin/board/portfolio_v2
2026-01-07 13:22:22 - write_update.php
board_skin_path: /sign83199/www/theme/basic/skin/board/portfolio_v2
2026-01-07 14:06:47 - write_update.php
board_skin_path: /sign83199/www/theme/basic/skin/board/portfolio_v2
2026-01-07 14:17:43 - write_update.php
board_skin_path: /sign83199/www/theme/basic/skin/board/portfolio_v2
2026-01-07 14:17:58 - write_update.php
board_skin_path: /sign83199/www/theme/basic/skin/board/portfolio_v2
2026-01-07 14:18:04 - write_update.php
board_skin_path: /sign83199/www/theme/basic/skin/board/portfolio_v2
2026-01-07 14:19:24 - write_update.php
board_skin_path: /sign83199/www/theme/basic/skin/board/portfolio_v2
2026-01-07 14:19:48 - write_update.php
board_skin_path: /sign83199/www/theme/basic/skin/board/portfolio_v2
2026-01-07 14:19:54 - write_update.php
board_skin_path: /sign83199/www/theme/basic/skin/board/portfolio_v2
2026-01-07 14:22:12 - write_update.php
board_skin_path: /sign83199/www/theme/basic/skin/board/portfolio_v2
2026-01-07 14:55:42 - write_update.php
board_skin_path: /sign83199/www/theme/basic/skin/board/portfolio_v2
2026-01-07 14:58:03 - write_update.php
board_skin_path: /sign83199/www/theme/basic/skin/board/portfolio_v2
2026-01-07 15:25:55 - write_update.php
board_skin_path: /sign83199/www/theme/basic/skin/board/portfolio_v2
2026-01-07 15:35:12 - write_update.php
board_skin_path: /sign83199/www/theme/basic/skin/board/portfolio_v2
2026-01-13 20:51:27 - write_update.php
board_skin_path: /sign83199/www/theme/basic/skin/board/basic_consult
2026-01-13 20:55:06 - write_update.php
board_skin_path: /sign83199/www/theme/basic/skin/board/basic_consult
2026-01-13 21:04:20 - write_update.php
board_skin_path: /sign83199/www/theme/basic/skin/board/basic_consult
2026-01-13 21:12:50 - write_update.php
board_skin_path: /sign83199/www/theme/basic/skin/board/basic_consult
